[larleaodejuda.org/p2/index.html]
[backblue.gif]
[fade.gif]
[index.html]
[fonts.googleapis.com/index.html]
[cdn.utmify.com.br/scripts/utms/latest.js]
[cdn.utmify.com.br/scripts/pixel/pixel.js]
[larleaodejuda.org/p2/Imagens/logo.jpg]
[scripts.converteai.net/e0248b40-00d9-4fc2-ae05-32aa642ec521/players/69a9892aa584f1a405f6af51/v4/player.js]
[larleaodejuda.org/p2/Imagens/banner1.jpg]
[larleaodejuda.org/p2/Imagens/banner2.jpg]
[larleaodejuda.org/p2/Imagens/refeitorio.jpg]
[larleaodejuda.org/p2/Imagens/acolhimento.jpg]
[larleaodejuda.org/p2/Imagens/atividades.jpg]
[larleaodejuda.org/p2/Imagens/equipe.jpg]
[larleaodejuda.org/cdn-cgi/scripts/5c5dd728/cloudflare-static/email-decode.min.js]
[www.google.com/maps/embed58d4.html]
[www.google.com/maps/place/Associação+Jesus+Leão+de+Judá+Senhor+Salvador/@-23.2126503,-46.8363111,371m/data=!3m1!1e3!4m6!3m5!1s0x94cf210021d37acd_0x89/g/11y8cly7wr0063.html]
[api.whatsapp.com/send/index68fa.html]
[larleaodejuda.org/p2/www.tiktok.com/@larleaodejuda]
[larleaodejuda.org/p2/index.html]
[static.cloudflareinsights.com/beacon.min.js/v8c78df7c7c0f484497ecbca7046644da1771523124516]
[fonts.googleapis.com/index.html]
[fonts.gstatic.com/index.html]
[fonts.gstatic.com/s/inter/v20/UcCO3FwrK3iLTeHuS_nVMrMxCp50SjIw2boKoduKmMEVuLyfMZg.ttf]
[fonts.gstatic.com/s/inter/v20/UcCO3FwrK3iLTeHuS_nVMrMxCp50SjIw2boKoduKmMEVuI6fMZg.ttf]
[fonts.gstatic.com/s/inter/v20/UcCO3FwrK3iLTeHuS_nVMrMxCp50SjIw2boKoduKmMEVuGKYMZg.ttf]
[fonts.googleapis.com/css2fb67.css]
[fonts.gstatic.com/s/inter/v20/UcCO3FwrK3iLTeHuS_nVMrMxCp50SjIw2boKoduKmMEVuFuYMZg.ttf]
[maps.gstatic.com/maps-api-v3/embed/js/64/5d/intl/pt_br/init_embed.js]
[www.google.com/maps/embed58d4.html]
[www.google.com/maps/place/Associação+Jesus+Leão+de+Judá+Senhor+Salvador/@-23.2126503,-46.8363111,371m/data=!3m1!1e3!4m6!3m5!1s0x94cf210021d37acd_0x89/g/11y8cly7wr0063.html]
[static.whatsapp.net/rsrc.php/v5/yH/l/0,cross/_jfkUskf2-v.css]
[api.whatsapp.com/send/indexfa0d.html]
[static.whatsapp.net/rsrc.php/v5/yV/l/0,cross/TPPXtGgpQyb.css]
[static.whatsapp.net/rsrc.php/v5/yR/l/0,cross/ChejQs5hirm.css]
[static.whatsapp.net/rsrc.php/v4/yn/r/OE48AOrJpdk.js]
[static.whatsapp.net/rsrc.php/v4/ys/r/hnWhlTKLBqz.png]
[api.whatsapp.com/send/sIXck9.1e.delayed]
[api.whatsapp.com/send/LYq]
[api.whatsapp.com/send/+BZCl+]
[static.whatsapp.net/rsrc.php/v4i7M54/yH/l/pt_BR-j/vJUsE2XdGwU.js]
[static.whatsapp.net/rsrc.php/v4/ys/r/ipwHirfmNvy.js]
[api.whatsapp.com/send/index68fa.html]
[www.instagram.com/larleaodejuda/index.html]
[larleaodejuda.org/p2/www.tiktok.com/@larleaodejuda.html]
[api.whatsapp.com/send/indexfa0d.html]
[static.whatsapp.net/rsrc.php/v5/yH/l/0,cross/_jfkUskf2-v.css]
[static.whatsapp.net/rsrc.php/v4/yB/r/xwZ-58W7La1.png]
[static.whatsapp.net/rsrc.php/v4/yR/r/89U7jk2uMkx.png]
[static.whatsapp.net/rsrc.php/v1/yK/r/ZjwCTR_D5He.jpg]
[static.whatsapp.net/rsrc.php/v1/yQ/r/dPFl9fRFF9u.jpg]
[static.whatsapp.net/rsrc.php/v1/y_/r/oqWQjtJbOPM.jpg]
[static.whatsapp.net/rsrc.php/v5/yV/l/0,cross/TPPXtGgpQyb.css]
[static.whatsapp.net/rsrc.php/v5/yR/l/0,cross/ChejQs5hirm.css]
[api.whatsapp.com/send/Chrome/index.html]
[api.whatsapp.com/send/Firefox/index.html]
[api.whatsapp.com/send/Edg/index.html]
[api.whatsapp.com/send/CriOS/index.html]
[api.whatsapp.com/send/GET.29.delayed]
[static.whatsapp.net/rsrc.php/v4/yn/r/OE48AOrJpdk.js]
[api.whatsapp.com/send/Safari/index.html]
[api.whatsapp.com/send/chrome-extension_/index.html]
[api.whatsapp.com/send/sIXck9.html]
[api.whatsapp.com/send/LYq.html]
[api.whatsapp.com/send/+BZCl+.html]
[api.whatsapp.com/send/^([^_/indexd41d.html]
[static.whatsapp.net/rsrc.php/v4i7M54/yH/l/pt_BR-j/vJUsE2XdGwU.js]
[static.whatsapp.net/rsrc.php/v4/ys/r/ipwHirfmNvy.js]
[api.whatsapp.com/send/Version/index.html]
[api.whatsapp.com/send/Firefox/index.html]
[api.whatsapp.com/send/Edg/index.html]
[api.whatsapp.com/send/Chrome/index.html]
[api.whatsapp.com/send/CriOS/index.html]
[api.whatsapp.com/send/Safari/index.html]
[api.whatsapp.com/send/Version/index.html]
[api.whatsapp.com/send/chrome-extension_/index.html]
[api.whatsapp.com/send/^([^_/indexd41d.html]
[api.whatsapp.com/send/GET.html]
[api.whatsapp.com/send/l/index.html]
[api.whatsapp.com/send/l/index.html]
[www.facebook.com/people/Lar-de-Idosos-Leão-de-Judá/61586616306708/index.html]
[www.facebook.com/WhatsApp/index.html]
