[contapremiada.fun/index.html]
[cdn.jsdelivr.net/gh/xTracky/static@latest/utm-handler.js]
[cdn.utmify.com.br/scripts/pixel/pixel-kwai.js]
[cdn.utmify.com.br/scripts/utms/latest.js]
[backblue.gif]
[fade.gif]
[index.html]
[contapremiada.fun/css/style.css]
[contapremiada.fun/images/p-saldo.svg]
[contapremiada.fun/images/pix-logo.svg]
[contapremiada.fun/images/parabens-img.png]
[contapremiada.fun/images/p-dia.svg]
[contapremiada.fun/images/fi-bs-check.svg]
[contapremiada.fun/images/p-assista.svg]
[contapremiada.fun/images/gol.png]
[contapremiada.fun/images/p-saldo-maior.png]
[contapremiada.fun/images/fi-rs-credit-card.png]
[contapremiada.fun/images/flor.png]
[contapremiada.fun/images/pix-solo.svg]
[contapremiada.fun/images/Logo-promo.webp]
[pay.comprasegura.onl/vTlHdLcT.html]
[contapremiada.fun/window.location.html]
[contapremiada.fun/urlDestino.html]
[contapremiada.fun/images/bacen.png]
[contapremiada.fun/images/gov-br.webp]
[contapremiada.fun/images/receitafederal.png]
[contapremiada.fun/js/main.js]
[static.cloudflareinsights.com/beacon.min.js/vcd15cbe7772f49c399c6a5babf22c1241717689176015]
[contapremiada.fun/index.html]
[waust.at/d.js]
[fonts.googleapis.com/css2fb67.css]
[contapremiada.fun/css/style.css]
[contapremiada.fun/images/p-saldo.svg]
[contapremiada.fun/images/pix-logo.svg]
[contapremiada.fun/images/p-dia.svg]
[contapremiada.fun/images/fi-bs-check.svg]
[contapremiada.fun/images/p-assista.svg]
[contapremiada.fun/images/pix-solo.svg]
[pay.comprasegura.onl/_next/static/css/7cca8e2c5137bd71.css]
[pay.comprasegura.onl/_next/static/css/1847bc0f70308e72.css]
[pay.comprasegura.onl/_next/static/chunks/webpack-3c751795259726a9.js]
[pay.comprasegura.onl/_next/static/chunks/fd9d1056-d0a494cb3de453fc.js]
[pay.comprasegura.onl/_next/static/chunks/2117-39c0300461da3cde.js]
[pay.comprasegura.onl/_next/static/chunks/main-app-be3d940aef6bd3eb.js]
[pay.comprasegura.onl/_next/static/chunks/4609-33aa487dff03a9fd.js]
[pay.comprasegura.onl/_next/static/chunks/8590-3cde76601770ac9c.js]
[pay.comprasegura.onl/_next/static/chunks/3464-5ceb029f0f8dfc02.js]
[pay.comprasegura.onl/_next/static/chunks/2542-3faccf2a6bb6bddf.js]
[pay.comprasegura.onl/_next/static/chunks/8696-d6d6d28dfb6be45f.js]
[pay.comprasegura.onl/_next/static/chunks/7520-d1732d6e17350178.js]
[pay.comprasegura.onl/_next/static/chunks/1641-bed279344b842f9b.js]
[pay.comprasegura.onl/_next/static/chunks/4370-f30e42354f956c42.js]
[pay.comprasegura.onl/_next/static/chunks/app/[code]/page-56fc6539ba6f604b.js]
[pay.comprasegura.onl/_next/static/chunks/605-510ff540e1ad61dd.js]
[pay.comprasegura.onl/_next/static/chunks/2825-386407bd184a3dc7.js]
[pay.comprasegura.onl/_next/static/chunks/app/layout-ba8283119066b91c.js]
[pay.comprasegura.onl/icon3f03.png]
[pay.comprasegura.onl/vTlHdLcT.html]
[contapremiada.fun/window.location.html]
[contapremiada.fun/urlDestino.html]
[pay.comprasegura.onl/_next/static/chunks/polyfills-42372ed130431b0a.js]
[contapremiada.fun/amung.us/dynamic.2e.delayed]
[waust.at/d.js]
[pay.comprasegura.onl/_next/static/media/ba9851c3c22cd980-s.woff2]
[pay.comprasegura.onl/_next/static/media/21350d82a1f187e9-s.woff2]
[pay.comprasegura.onl/_next/static/media/c5fe6dc8356a8c31-s.woff2]
[pay.comprasegura.onl/_next/static/media/19cfc7226ec3afaa-s.woff2]
[pay.comprasegura.onl/_next/static/media/df0a9ae256c0569c-s.woff2]
[pay.comprasegura.onl/_next/static/media/8e9860b6e62d6359-s.woff2]
[pay.comprasegura.onl/_next/static/media/e4af272ccee01ff0-s.p.woff2]
[pay.comprasegura.onl/_next/static/css/7cca8e2c5137bd71.css]
[pay.comprasegura.onl/_next/static/css/1847bc0f70308e72.css]
[contapremiada.fun/amung.us/dynamic.html]
